
> swiftshift@0.2.0 test
> vitest --run

node.exe : [2m03:25:33[22m [33m[1m[vit
e][22m[39m [33mwarning: `esbuild` optio
n was specified by "vite:react-babel" plug
in. This option is deprecated, please use 
`oxc` instead.[39m
At line:1 char:1
+ & "C:\Program Files\nodejs/node.exe" "C:
\Program Files\nodejs/node_mo ...
+ ~~~~~~~~~~~~~~~~~~~~~~~~~~~~~~~~~~~~~~~~
~~~~~~~~~~~~~~~~~~~~~~~~~~~~~
    + CategoryInfo          : NotSpecifie 
   d: ([2m03:25:33[2...` instead.[39m  
  :String) [], RemoteException
    + FullyQualifiedErrorId : NativeComma 
   ndError
 
[2m03:25:33[22m [33m[1m[vite][22m[39
m [33mwarning: `optimizeDeps.esbuildOptio
ns` option was specified by "vite:react-ba
bel" plugin. This option is deprecated, pl
ease use `optimizeDeps.rolldownOptions` in
stead.[39m
[2m03:25:33[22m [33m[1m[vite][22m[39
m [33mwarning: Both `rollupOptions` and `
rolldownOptions` were specified by "crx:hm
r" plugin. `rollupOptions` specified by th
at plugin will be ignored.[39m
[2m03:25:33[22m [33m[1m[vite][22m[39
m [33mwarning: `esbuild` option was speci
fied by "crx:hmr" plugin. This option is d
eprecated, please use `oxc` instead.[39m
[2m03:25:33[22m [33m[1m[vite][22m[39
m [33mwarning: `optimizeDeps.esbuildOptio
ns` option was specified by "crx:hmr" plug
in. This option is deprecated, please use 
`optimizeDeps.rolldownOptions` instead.[3
9m
[2m03:25:33[22m [33m[1m[vite][22m[39
m [33mwarning: Both `rollupOptions` and `
rolldownOptions` were specified by "crx:ma
nifest-init" plugin. `rollupOptions` speci
fied by that plugin will be ignored.[39m
[2m03:25:33[22m [33m[1m[vite][22m[39
m [33mwarning: `esbuild` option was speci
fied by "crx:manifest-init" plugin. This o
ption is deprecated, please use `oxc` inst
ead.[39m
[2m03:25:33[22m [33m[1m[vite][22m[39
m [33mwarning: `optimizeDeps.esbuildOptio
ns` option was specified by "crx:manifest-
init" plugin. This option is deprecated, p
lease use `optimizeDeps.rolldownOptions` i
nstead.[39m
[33mBoth esbuild and oxc options were set
. oxc options will be used and esbuild opt
ions will be ignored.[39m The following e
sbuild options were set: `{ jsx: 'automati
c', jsxImportSource: undefined }`

[1m[46m RUN [49m[22m [36mv4.1.0 [39m[90mC:/Users/Ayberk.DESKTOP-PL3VNE8/Documents/Ayberk/Antigravity Projeler/SwiftShiftFifrefox[39m

 [32mÔ£ô[39m src/tests/telegram.test.ts [2m([22m[2m2 tests[22m[2m)[22m[32m 5[2mms[22m[39m
 [31mÔØ»[39m src/tests/destinationHandler.test.ts [2m([22m[2m0 test[22m[2m)[22m
 [31mÔØ»[39m src/tests/storage.test.ts [2m([22m[2m0 test[22m[2m)[22m
 [32mÔ£ô[39m src/tests/payloadBuilder.test.ts [2m([22m[2m8 tests[22m[2m)[22m[32m 7[2mms[22m[39m
 [32mÔ£ô[39m src/tests/recents.test.ts [2m([22m[2m3 tests[22m[2m)[22m[32m 31[2mms[22m[39m
 [31mÔØ»[39m src/tests/TabBar.test.tsx [2m([22m[2m4 tests[22m[2m | [22m[31m3 failed[39m[2m)[22m[32m 44[2mms[22m[39m
     [32mÔ£ô[39m ├╝├ğ sekme render etmeli[32m 24[2mms[22m[39m
[31m     [31m├ù[31m aktif sekme vurgulanmal─▒[39m[32m 9[2mms[22m[39m
[31m     [31m├ù[31m sekme t─▒kland─▒─ş─▒nda callback ├ğa─şr─▒lmal─▒[39m[32m 5[2mms[22m[39m
[31m     [31m├ù[31m t├╝m sekmelere t─▒klanabilmeli[39m[32m 5[2mms[22m[39m

[31mÔÄ»ÔÄ»ÔÄ»ÔÄ»ÔÄ»ÔÄ»[39m[1m[41m Fail
ed Suites 2 [49m[22m[31mÔÄ»ÔÄ»ÔÄ»ÔÄ»ÔÄ»
ÔÄ»ÔÄ»[39m

[41m[1m FAIL [22m[49m src/tests/destin
ationHandler.test.ts[2m [ src/tests/desti
nationHandler.test.ts ][22m
[41m[1m FAIL [22m[49m src/tests/storag
e.test.ts[2m [ src/tests/storage.test.ts 
][22m
[31m[1mError[22m: This script should on
ly be loaded in a browser extension.[39m
[90m [2mÔØ»[22m node_modules/webextensi
on-polyfill/dist/browser-polyfill.js:[2m1
0:8[22m[39m
[90m [2mÔØ»[22m node_modules/webextensi
on-polyfill/dist/browser-polyfill.js:[2m5
:5[22m[39m
[90m [2mÔØ»[22m Object.<anonymous> node
_modules/webextension-polyfill/dist/browse
r-polyfill.js:[2m13:3[22m[39m

[31m[2mÔÄ»ÔÄ»ÔÄ»ÔÄ»ÔÄ»ÔÄ»ÔÄ»ÔÄ»ÔÄ»ÔÄ»ÔÄ»
ÔÄ»ÔÄ»ÔÄ»ÔÄ»ÔÄ»ÔÄ»ÔÄ»ÔÄ»ÔÄ»ÔÄ»ÔÄ»ÔÄ»ÔÄ»[1/
5]ÔÄ»[22m[39m


[31mÔÄ»ÔÄ»ÔÄ»ÔÄ»ÔÄ»ÔÄ»ÔÄ»[39m[1m[41m F
ailed Tests 3 [49m[22m[31mÔÄ»ÔÄ»ÔÄ»ÔÄ»Ô
Ä»ÔÄ»ÔÄ»[39m

[41m[1m FAIL [22m[49m src/tests/TabBar
.test.tsx[2m > [22mTabBar[2m > [22makt
if sekme vurgulanmal─▒
[31m[1mTestingLibraryElementError[22m[
39m: Found multiple elements with the text
: Recents

Here are the matching elements:

Ignored nodes: comments, script, style
[36m<span[39m
  [33mclass[39m=[32m"relative z-10 flex
 items-center justify-center gap-2"[39m
[36m>[39m
  [36m<svg[39m
    [33mclass[39m=[32m"lucide lucide-hi
story"[39m
    [33mfill[39m=[32m"none"[39m
    [33mheight[39m=[32m"14"[39m
    [33mstroke[39m=[32m"currentColor"[
39m
    [33mstroke-linecap[39m=[32m"round"
[39m
    [33mstroke-linejoin[39m=[32m"round"
[39m
    [33mstroke-width[39m=[32m"2"[39m
    [33mviewBox[39m=[32m"0 0 24 24"[39
m
    [33mwidth[39m=[32m"14"[39m
    [33mxmlns[39m=[32m"http://www.w3.or
g/2000/svg"[39m
  [36m>[39m
    [36m<path[39m
      [33md[39m=[32m"M3 12a9 9 0 1 0 9-
9 9.75 9.75 0 0 0-6.74 2.74L3 8"[39m
    [36m/>[39m
    [36m<path[39m
      [33md[39m=[32m"M3 3v5h5"[39m
    [36m/>[39m
    [36m<path[39m
      [33md[39m=[32m"M12 7v5l4 2"[39m
    [36m/>[39m
  [36m</svg>[39m
  [0mRecents[0m
[36m</span>[39m

Ignored nodes: comments, script, style
[36m<span[39m
  [33mclass[39m=[32m"relative z-10 flex
 items-center justify-center gap-2"[39m
[36m>[39m
  [36m<svg[39m
    [33mclass[39m=[32m"lucide lucide-hi
story"[39m
    [33mfill[39m=[32m"none"[39m
    [33mheight[39m=[32m"14"[39m
    [33mstroke[39m=[32m"currentColor"[
39m
    [33mstroke-linecap[39m=[32m"round"
[39m
    [33mstroke-linejoin[39m=[32m"round"
[39m
    [33mstroke-width[39m=[32m"2"[39m
    [33mviewBox[39m=[32m"0 0 24 24"[39
m
    [33mwidth[39m=[32m"14"[39m
    [33mxmlns[39m=[32m"http://www.w3.or
g/2000/svg"[39m
  [36m>[39m
    [36m<path[39m
      [33md[39m=[32m"M3 12a9 9 0 1 0 9-
9 9.75 9.75 0 0 0-6.74 2.74L3 8"[39m
    [36m/>[39m
    [36m<path[39m
      [33md[39m=[32m"M3 3v5h5"[39m
    [36m/>[39m
    [36m<path[39m
      [33md[39m=[32m"M12 7v5l4 2"[39m
    [36m/>[39m
  [36m</svg>[39m
  [0mRecents[0m
[36m</span>[39m

(If this is intentional, then use the `*Al
lBy*` variant of the query (like `queryAll
ByText`, `getAllByText`, or `findAllByText
`)).

Ignored nodes: comments, script, style
[36m<body>[39m
  [36m<div>[39m
    [36m<div[39m
      [33mclass[39m=[32m"px-4 pb-3 flex
 gap-2"[39m
    [36m>[39m
      [36m<button[39m
        [33mclass[39m=[32m"flex-1 flex 
items-center justify-center gap-2 py-2 rou
nded-full text-xs font-bold transition-all
 spotlight-effect relative overflow-hidden
 bg-primary/20 text-primary border border-
primary/30"[39m
      [36m>[39m
        [36m<span[39m
          [33mclass[39m=[32m"relative z
-10 flex items-center justify-center gap-2
"[39m
        [36m>[39m
          [36m<svg[39m
            [33mclass[39m=[32m"lucide l
ucide-megaphone"[39m
            [33mfill[39m=[32m"none"[39
m
            [33mheight[39m=[32m"14"[39
m
            [33mstroke[39m=[32m"current
Color"[39m
            [33mstroke-linecap[39m=[32m
"round"[39m
            [33mstroke-linejoin[39m=[32
m"round"[39m
            [33mstroke-width[39m=[32m"2
"[39m
            [33mviewBox[39m=[32m"0 0 24
 24"[39m
            [33mwidth[39m=[32m"14"[39m
            [33mxmlns[39m=[32m"http://w
ww.w3.org/2000/svg"[39m
          [36m>[39m
            [36m<path[39m
              [33md[39m=[32m"m3 11 18-5
v12L3 14v-3z"[39m
            [36m/>[39m
            [36m<path[39m
              [33md[39m=[32m"M11.6 16.8
a3 3 0 1 1-5.8-1.6"[39m
            [36m/>[39m
          [36m</svg>[39m
          [0mChannels[0m
        [36m</span>[39m
      [36m</button>[39m
      [36m<button[39m
        [33mclass[39m=[32m"flex-1 flex 
items-center justify-center gap-2 py-2 rou
nded-full text-xs font-bold transition-all
 spotlight-effect relative overflow-hidden
 bg-surface/30 text-muted border border-wh
ite/5 hover:bg-surface/50 hover:text-white
"[39m
      [36m>[39m
        [36m<span[39m
          [33mclass[39m=[32m"relative z
-10 flex items-center justify-center gap-2
"[39m
        [36m>[39m
          [36m<svg[39m
            [33mclass[39m=[32m"lucide l
ucide-history"[39m
            [33mfill[39m=[32m"none"[39
m
            [33mheight[39m=[32m"14"[39
m
            [33mstroke[39m=[32m"current
Color"[39m
            [33mstroke-linecap[39m=[32m
"round"[39m
            [33mstroke-linejoin[39m=[32
m"round"[39m
            [33mstroke-width[39m=[32m"2
"[39m
            [33mviewBox[39m=[32m"0 0 24
 24"[39m
            [33mwidth[39m=[32m"14"[39m
            [33mxmlns[39m=[32m"http://w
ww.w3.org/2000/svg"[39m
          [36m>[39m
            [36m<path[39m
              [33md[39m=[32m"M3 12a9 9 
0 1 0 9-9 9.75 9.75 0 0 0-6.74 2.74L3 8"[
39m
            [36m/>[39m
            [36m<path[39m
              [33md[39m=[32m"M3 3v5h5"
[39m
            [36m/>[39m
            [36m<path[39m
              [33md[39m=[32m"M12 7v5l4 
2"[39m
            [36m/>[39m
          [36m</svg>[39m
          [0mRecents[0m
        [36m</span>[39m
      [36m</button>[39m
      [36m<button[39m
        [33mclass[39m=[32m"flex-1 flex 
items-center justify-center gap-2 py-2 rou
nded-full text-xs font-bold transition-all
 spotlight-effect relative overflow-hidden
 bg-surface/30 text-muted border border-wh
ite/5 hover:bg-surface/50 hover:text-white
"[39m
      [36m>[39m
        [36m<span[39m
          [33mclass[39m=[32m"relative z
-10 flex items-center justify-center gap-2
"[39m
        [36m>[39m
          [36m<svg[39m
            [33mclass[39m=[32m"lucide l
ucide-shield-alert"[39m
            [33mfill[39m=[32m"none"[39
m
            [33mheight[39m=[32m"14"[39
m
            [33mstroke[39m=[32m"current
Color"[39m
            [33mstroke-linecap[39m=[32m
"round"[39m
            [33mstroke-linejoin[39m=[32
m"round"[39m
            [33mstroke-width[39m=[32m"2
"[39m
            [33mviewBox[39m=[32m"0 0 24
 24"[39m
            [33mwidth[39m=[32m"14"[39m
            [33mxmlns[39m=[32m"http://w
ww.w3.org/2000/svg"[39m
          [36m>[39m
            [36m<path[39m
              [33md[39m=[32m"M20 13c0 5
-3.5 7.5-7.66 8.95a1 1 0 0 1-.67-.01C7.5 2
0.5 4 18 4 13V6a1 1 0 0 1 1-1c2 0 4.5-1.2 
6.24-2.72a1.17 1.17 0 0 1 1.52 0C14.51 3.8
1 17 5 19 5a1 1 0 0 1 1 1z"[39m
            [36m/>[39m
            [36m<path[39m
              [33md[39m=[32m"M12 8v4"[
39m
            [36m/>[39m
            [36m<path[39m
              [33md[39m=[32m"M12 16h.01
"[39m
            [36m/>[39m
          [36m</svg>[39m
          [0mLogs[0m
        [36m</span>[39m
      [36m</button>[39m
    [36m</div>[39m
  [36m</div>[39m
  [36m<div>[39m
    [36m<div[39m
      [33mclass[39m=[32m"px-4 pb-3 flex
 gap-2"[39m
    [36m>[39m
      [36m<button[39m
        [33mclass[39m=[32m"flex-1 flex 
items-center justify-center gap-2 py-2 rou
nded-full text-xs font-bold transition-all
 spotlight-effect relative overflow-hidden
 bg-surface/30 text-muted border border-wh
ite/5 hover:bg-surface/50 hover:text-white
"[39m
      [36m>[39m
        [36m<span[39m
          [33mclass[39m=[32m"relative z
-10 flex items-center justify-center gap-2
"[39m
        [36m>[39m
          [36m<svg[39m
            [33mclass[39m=[32m"lucide l
ucide-megaphone"[39m
            [33mfill[39m=[32m"none"[39
m
            [33mheight[39m=[32m"14"[39
m
            [33mstroke[39m=[32m"current
Color"[39m
            [33mstroke-linecap[39m=[32m
"round"[39m
            [33mstroke-linejoin[39m=[32
m"round"[39m
            [33mstroke-width[39m=[32m"2
"[39m
            [33mviewBox[39m=[32m"0 0 24
 24"[39m
            [33mwidth[39m=[32m"14"[39m
            [33mxmlns[39m=[32m"http://w
ww.w3.org/2000/svg"[39m
          [36m>[39m
            [36m<path[39m
              [33md[39m=[32m"m3 11 18-5
v12L3 14v-3z"[39m
            [36m/>[39m
            [36m<path[39m
              [33md[39m=[32m"M11.6 16.8
a3 3 0 1 1-5.8-1.6"[39m
            [36m/>[39m
          [36m</svg>[39m
          [0mChannels[0m
        [36m</span>[39m
      [36m</button>[39m
      [36m<button[39m
        [33mclass[39m=[32m"flex-1 flex 
items-center justify-center gap-2 py-2 rou
nded-full text-xs font-bold transition-all
 spotlight-effect relative overflow-hidden
 bg-primary/20 text-primary border border-
primary/30"[39m
      [36m>[39m
        [36m<span[39m
          [33mclass[39m=[32m"relative z
-10 flex items-center justify-center gap-2
"[39m
        [36m>[39m
          [36m<svg[39m
            [33mclass[39m=[32m"lucide l
ucide-history"[39m
            [33mfill[39m=[32m"none"[39
m
            [33mheight[39m=[32m"14"[39
m
            [33mstroke[39m=[32m"current
Color"[39m
            [33mstroke-linecap[39m=[32m
"round"[39m
            [33mstroke-linejoin[39m=[32
m"round"[39m
            [33mstroke-width[39m=[32m"2
"[39m
            [33mviewBox[39m=[32m"0 0 24
 24"[39m
            [33mwidth[39m=[32m"14"[39m
            [33mxmlns[39m=[32m"http://w
ww.w3.org/2000/svg"[39m
          [36m>[39m
            [36m<path[39m
              [33md[39m=[32m"M3 12a9 9 
0 1 0 9-9 9.75 9.75 0 0 0-6.74 2.74L3 8"[
39m
            [36m/>[39m
            [36m<path[39m
              [33md[39m=[32m"M3 3v5h5"
[39m
            [36m/>[39m
            [36m<path[39m
              [33md[39m=[32m"M12 7v5l4 
2"[39m
            [36m/>[39m
          [36m</svg>[39m
          [0mRecents[0m
        [36m</span>[39m
      [36m</button>[39m
      [36m<button[39m
        [33mclass[39m=[32m"flex-1 flex 
items-center justify-center gap-2 py-2 rou
nded-full text-xs font-bold transition-all
 spotlight-effect relative overflow-hidden
 bg-surface/30 text-muted border border-wh
ite/5 hover:bg-surface/50 hover:text-white
"[39m
      [36m>[39m
        [36m<span[39m
          [33mclass[39m=[32m"relative z
-10 flex items-center justify-center gap-2
"[39m
        [36m>[39m
          [36m<svg[39m
            [33mclass[39m=[32m"lucide l
ucide-shield-alert"[39m
            [33mfill[39m=[32m"none"[39
m
            [33mheight[39m=[32m"14"[39
m
            [33mstroke[39m=[32m"current
Color"[39m
            [33mstroke-linecap[39m=[32m
"round"[39m
            [33mstroke-linejoin[39m=[32
m"round"[39m
            [33mstroke-width[39m=[32m"2
"[39m
            [33mviewBox[39m=[32m"0 0 24
 24"[39m
            [33mwidth[39m=[32m"14"[39m
            [33mxmlns[39m=[32m"http://w
ww.w3.org/2000/svg"[39m
          [36m>[39m
            [36m<path[39m
              [33md[39m=[32m"M20 13c0 5
-3.5 7.5-7.66 8.95a1 1 0 0 1-.67-.01C7.5 2
0.5 4 18 4 13V6a1 1 0 0 1 1-1c2 0 4.5-1.2 
6.24-2.72a1.17 1.17 0 0 1 1.52 0C14.51 3.8
1 17 5 19 5a1 1 0 0 1 1 1z"[39m
            [36m/>[39m
            [36m<path[39m
              [33md[39m=[32m"M12 8v4"[
39m
            [36m/>[39m
            [36m<path[39m
              [33md[39m=[32m"M12 16h.01
"[39m
            [36m/>[39m
          [36m</svg>[39m
          [0mLogs[0m
        [36m</span>[39m
      [36m</button>[39m
    [36m</div>[39m
  [36m</div>[39m
[36m</body>[39m
[90m [2mÔØ»[22m Object.getElementError 
node_modules/@testing-library/dom/dist/con
fig.js:[2m37:19[22m[39m
[90m [2mÔØ»[22m getElementError node_mo
dules/@testing-library/dom/dist/query-help
ers.js:[2m20:35[22m[39m
[90m [2mÔØ»[22m getMultipleElementsFoun
dError node_modules/@testing-library/dom/d
ist/query-helpers.js:[2m23:10[22m[39m
[90m [2mÔØ»[22m node_modules/@testing-l
ibrary/dom/dist/query-helpers.js:[2m55:13
[22m[39m
[90m [2mÔØ»[22m node_modules/@testing-l
ibrary/dom/dist/query-helpers.js:[2m95:19
[22m[39m
[36m [2mÔØ»[22m src/tests/TabBar.test.t
sx:[2m24:38[22m[39m
    [90m 22|[39m         render(<TabBar 
activeTab="recents" onTabChange={onTabChan
ge} /ÔÇĞ
    [90m 23|[39m
    [90m 24|[39m         const recentsBu
tton = screen.getByText('Recents').closest
('butÔÇĞ
    [90m   |[39m                        
              [31m^[39m
    [90m 25|[39m         [34mexpect[39
m(recentsButton[33m?.[39mclassName)[33m
.[39m[34mtoContain[39m([32m'bg-primary
'[39m)[33m;[39m
    [90m 26|[39m     })[33m;[39m

[31m[2mÔÄ»ÔÄ»ÔÄ»ÔÄ»ÔÄ»ÔÄ»ÔÄ»ÔÄ»ÔÄ»ÔÄ»ÔÄ»
ÔÄ»ÔÄ»ÔÄ»ÔÄ»ÔÄ»ÔÄ»ÔÄ»ÔÄ»ÔÄ»ÔÄ»ÔÄ»ÔÄ»ÔÄ»[2/
5]ÔÄ»[22m[39m

[41m[1m FAIL [22m[49m src/tests/TabBar
.test.tsx[2m > [22mTabBar[2m > [22msek
me t─▒kland─▒─ş─▒nda callback ├ğa─şr─▒lmal
─▒
[31m[1mTestingLibraryElementError[22m[
39m: Found multiple elements with the text
: Logs

Here are the matching elements:

Ignored nodes: comments, script, style
[36m<span[39m
  [33mclass[39m=[32m"relative z-10 flex
 items-center justify-center gap-2"[39m
[36m>[39m
  [36m<svg[39m
    [33mclass[39m=[32m"lucide lucide-sh
ield-alert"[39m
    [33mfill[39m=[32m"none"[39m
    [33mheight[39m=[32m"14"[39m
    [33mstroke[39m=[32m"currentColor"[
39m
    [33mstroke-linecap[39m=[32m"round"
[39m
    [33mstroke-linejoin[39m=[32m"round"
[39m
    [33mstroke-width[39m=[32m"2"[39m
    [33mviewBox[39m=[32m"0 0 24 24"[39
m
    [33mwidth[39m=[32m"14"[39m
    [33mxmlns[39m=[32m"http://www.w3.or
g/2000/svg"[39m
  [36m>[39m
    [36m<path[39m
      [33md[39m=[32m"M20 13c0 5-3.5 7.5
-7.66 8.95a1 1 0 0 1-.67-.01C7.5 20.5 4 18
 4 13V6a1 1 0 0 1 1-1c2 0 4.5-1.2 6.24-2.7
2a1.17 1.17 0 0 1 1.52 0C14.51 3.81 17 5 1
9 5a1 1 0 0 1 1 1z"[39m
    [36m/>[39m
    [36m<path[39m
      [33md[39m=[32m"M12 8v4"[39m
    [36m/>[39m
    [36m<path[39m
      [33md[39m=[32m"M12 16h.01"[39m
    [36m/>[39m
  [36m</svg>[39m
  [0mLogs[0m
[36m</span>[39m

Ignored nodes: comments, script, style
[36m<span[39m
  [33mclass[39m=[32m"relative z-10 flex
 items-center justify-center gap-2"[39m
[36m>[39m
  [36m<svg[39m
    [33mclass[39m=[32m"lucide lucide-sh
ield-alert"[39m
    [33mfill[39m=[32m"none"[39m
    [33mheight[39m=[32m"14"[39m
    [33mstroke[39m=[32m"currentColor"[
39m
    [33mstroke-linecap[39m=[32m"round"
[39m
    [33mstroke-linejoin[39m=[32m"round"
[39m
    [33mstroke-width[39m=[32m"2"[39m
    [33mviewBox[39m=[32m"0 0 24 24"[39
m
    [33mwidth[39m=[32m"14"[39m
    [33mxmlns[39m=[32m"http://www.w3.or
g/2000/svg"[39m
  [36m>[39m
    [36m<path[39m
      [33md[39m=[32m"M20 13c0 5-3.5 7.5
-7.66 8.95a1 1 0 0 1-.67-.01C7.5 20.5 4 18
 4 13V6a1 1 0 0 1 1-1c2 0 4.5-1.2 6.24-2.7
2a1.17 1.17 0 0 1 1.52 0C14.51 3.81 17 5 1
9 5a1 1 0 0 1 1 1z"[39m
    [36m/>[39m
    [36m<path[39m
      [33md[39m=[32m"M12 8v4"[39m
    [36m/>[39m
    [36m<path[39m
      [33md[39m=[32m"M12 16h.01"[39m
    [36m/>[39m
  [36m</svg>[39m
  [0mLogs[0m
[36m</span>[39m

Ignored nodes: comments, script, style
[36m<span[39m
  [33mclass[39m=[32m"relative z-10 flex
 items-center justify-center gap-2"[39m
[36m>[39m
  [36m<svg[39m
    [33mclass[39m=[32m"lucide lucide-sh
ield-alert"[39m
    [33mfill[39m=[32m"none"[39m
    [33mheight[39m=[32m"14"[39m
    [33mstroke[39m=[32m"currentColor"[
39m
    [33mstroke-linecap[39m=[32m"round"
[39m
    [33mstroke-linejoin[39m=[32m"round"
[39m
    [33mstroke-width[39m=[32m"2"[39m
    [33mviewBox[39m=[32m"0 0 24 24"[39
m
    [33mwidth[39m=[32m"14"[39m
    [33mxmlns[39m=[32m"http://www.w3.or
g/2000/svg"[39m
  [36m>[39m
    [36m<path[39m
      [33md[39m=[32m"M20 13c0 5-3.5 7.5
-7.66 8.95a1 1 0 0 1-.67-.01C7.5 20.5 4 18
 4 13V6a1 1 0 0 1 1-1c2 0 4.5-1.2 6.24-2.7
2a1.17 1.17 0 0 1 1.52 0C14.51 3.81 17 5 1
9 5a1 1 0 0 1 1 1z"[39m
    [36m/>[39m
    [36m<path[39m
      [33md[39m=[32m"M12 8v4"[39m
    [36m/>[39m
    [36m<path[39m
      [33md[39m=[32m"M12 16h.01"[39m
    [36m/>[39m
  [36m</svg>[39m
  [0mLogs[0m
[36m</span>[39m

(If this is intentional, then use the `*Al
lBy*` variant of the query (like `queryAll
ByText`, `getAllByText`, or `findAllByText
`)).

Ignored nodes: comments, script, style
[36m<body>[39m
  [36m<div>[39m
    [36m<div[39m
      [33mclass[39m=[32m"px-4 pb-3 flex
 gap-2"[39m
    [36m>[39m
      [36m<button[39m
        [33mclass[39m=[32m"flex-1 flex 
items-center justify-center gap-2 py-2 rou
nded-full text-xs font-bold transition-all
 spotlight-effect relative overflow-hidden
 bg-primary/20 text-primary border border-
primary/30"[39m
      [36m>[39m
        [36m<span[39m
          [33mclass[39m=[32m"relative z
-10 flex items-center justify-center gap-2
"[39m
        [36m>[39m
          [36m<svg[39m
            [33mclass[39m=[32m"lucide l
ucide-megaphone"[39m
            [33mfill[39m=[32m"none"[39
m
            [33mheight[39m=[32m"14"[39
m
            [33mstroke[39m=[32m"current
Color"[39m
            [33mstroke-linecap[39m=[32m
"round"[39m
            [33mstroke-linejoin[39m=[32
m"round"[39m
            [33mstroke-width[39m=[32m"2
"[39m
            [33mviewBox[39m=[32m"0 0 24
 24"[39m
            [33mwidth[39m=[32m"14"[39m
            [33mxmlns[39m=[32m"http://w
ww.w3.org/2000/svg"[39m
          [36m>[39m
            [36m<path[39m
              [33md[39m=[32m"m3 11 18-5
v12L3 14v-3z"[39m
            [36m/>[39m
            [36m<path[39m
              [33md[39m=[32m"M11.6 16.8
a3 3 0 1 1-5.8-1.6"[39m
            [36m/>[39m
          [36m</svg>[39m
          [0mChannels[0m
        [36m</span>[39m
      [36m</button>[39m
      [36m<button[39m
        [33mclass[39m=[32m"flex-1 flex 
items-center justify-center gap-2 py-2 rou
nded-full text-xs font-bold transition-all
 spotlight-effect relative overflow-hidden
 bg-surface/30 text-muted border border-wh
ite/5 hover:bg-surface/50 hover:text-white
"[39m
      [36m>[39m
        [36m<span[39m
          [33mclass[39m=[32m"relative z
-10 flex items-center justify-center gap-2
"[39m
        [36m>[39m
          [36m<svg[39m
            [33mclass[39m=[32m"lucide l
ucide-history"[39m
            [33mfill[39m=[32m"none"[39
m
            [33mheight[39m=[32m"14"[39
m
            [33mstroke[39m=[32m"current
Color"[39m
            [33mstroke-linecap[39m=[32m
"round"[39m
            [33mstroke-linejoin[39m=[32
m"round"[39m
            [33mstroke-width[39m=[32m"2
"[39m
            [33mviewBox[39m=[32m"0 0 24
 24"[39m
            [33mwidth[39m=[32m"14"[39m
            [33mxmlns[39m=[32m"http://w
ww.w3.org/2000/svg"[39m
          [36m>[39m
            [36m<path[39m
              [33md[39m=[32m"M3 12a9 9 
0 1 0 9-9 9.75 9.75 0 0 0-6.74 2.74L3 8"[
39m
            [36m/>[39m
            [36m<path[39m
              [33md[39m=[32m"M3 3v5h5"
[39m
            [36m/>[39m
            [36m<path[39m
              [33md[39m=[32m"M12 7v5l4 
2"[39m
            [36m/>[39m
          [36m</svg>[39m
          [0mRecents[0m
        [36m</span>[39m
      [36m</button>[39m
      [36m<button[39m
        [33mclass[39m=[32m"flex-1 flex 
items-center justify-center gap-2 py-2 rou
nded-full text-xs font-bold transition-all
 spotlight-effect relative overflow-hidden
 bg-surface/30 text-muted border border-wh
ite/5 hover:bg-surface/50 hover:text-white
"[39m
      [36m>[39m
        [36m<span[39m
          [33mclass[39m=[32m"relative z
-10 flex items-center justify-center gap-2
"[39m
        [36m>[39m
          [36m<svg[39m
            [33mclass[39m=[32m"lucide l
ucide-shield-alert"[39m
            [33mfill[39m=[32m"none"[39
m
            [33mheight[39m=[32m"14"[39
m
            [33mstroke[39m=[32m"current
Color"[39m
            [33mstroke-linecap[39m=[32m
"round"[39m
            [33mstroke-linejoin[39m=[32
m"round"[39m
            [33mstroke-width[39m=[32m"2
"[39m
            [33mviewBox[39m=[32m"0 0 24
 24"[39m
            [33mwidth[39m=[32m"14"[39m
            [33mxmlns[39m=[32m"http://w
ww.w3.org/2000/svg"[39m
          [36m>[39m
            [36m<path[39m
              [33md[39m=[32m"M20 13c0 5
-3.5 7.5-7.66 8.95a1 1 0 0 1-.67-.01C7.5 2
0.5 4 18 4 13V6a1 1 0 0 1 1-1c2 0 4.5-1.2 
6.24-2.72a1.17 1.17 0 0 1 1.52 0C14.51 3.8
1 17 5 19 5a1 1 0 0 1 1 1z"[39m
            [36m/>[39m
            [36m<path[39m
              [33md[39m=[32m"M12 8v4"[
39m
            [36m/>[39m
            [36m<path[39m
              [33md[39m=[32m"M12 16h.01
"[39m
            [36m/>[39m
          [36m</svg>[39m
          [0mLogs[0m
        [36m</span>[39m
      [36m</button>[39m
    [36m</div>[39m
  [36m</div>[39m
  [36m<div>[39m
    [36m<div[39m
      [33mclass[39m=[32m"px-4 pb-3 flex
 gap-2"[39m
    [36m>[39m
      [36m<button[39m
        [33mclass[39m=[32m"flex-1 flex 
items-center justify-center gap-2 py-2 rou
nded-full text-xs font-bold transition-all
 spotlight-effect relative overflow-hidden
 bg-surface/30 text-muted border border-wh
ite/5 hover:bg-surface/50 hover:text-white
"[39m
      [36m>[39m
        [36m<span[39m
          [33mclass[39m=[32m"relative z
-10 flex items-center justify-center gap-2
"[39m
        [36m>[39m
          [36m<svg[39m
            [33mclass[39m=[32m"lucide l
ucide-megaphone"[39m
            [33mfill[39m=[32m"none"[39
m
            [33mheight[39m=[32m"14"[39
m
            [33mstroke[39m=[32m"current
Color"[39m
            [33mstroke-linecap[39m=[32m
"round"[39m
            [33mstroke-linejoin[39m=[32
m"round"[39m
            [33mstroke-width[39m=[32m"2
"[39m
            [33mviewBox[39m=[32m"0 0 24
 24"[39m
            [33mwidth[39m=[32m"14"[39m
            [33mxmlns[39m=[32m"http://w
ww.w3.org/2000/svg"[39m
          [36m>[39m
            [36m<path[39m
              [33md[39m=[32m"m3 11 18-5
v12L3 14v-3z"[39m
            [36m/>[39m
            [36m<path[39m
              [33md[39m=[32m"M11.6 16.8
a3 3 0 1 1-5.8-1.6"[39m
            [36m/>[39m
          [36m</svg>[39m
          [0mChannels[0m
        [36m</span>[39m
      [36m</button>[39m
      [36m<button[39m
        [33mclass[39m=[32m"flex-1 flex 
items-center justify-center gap-2 py-2 rou
nded-full text-xs font-bold transition-all
 spotlight-effect relative overflow-hidden
 bg-primary/20 text-primary border border-
primary/30"[39m
      [36m>[39m
        [36m<span[39m
          [33mclass[39m=[32m"relative z
-10 flex items-center justify-center gap-2
"[39m
        [36m>[39m
          [36m<svg[39m
            [33mclass[39m=[32m"lucide l
ucide-history"[39m
            [33mfill[39m=[32m"none"[39
m
            [33mheight[39m=[32m"14"[39
m
            [33mstroke[39m=[32m"current
Color"[39m
            [33mstroke-linecap[39m=[32m
"round"[39m
            [33mstroke-linejoin[39m=[32
m"round"[39m
            [33mstroke-width[39m=[32m"2
"[39m
            [33mviewBox[39m=[32m"0 0 24
 24"[39m
            [33mwidth[39m=[32m"14"[39m
            [33mxmlns[39m=[32m"http://w
ww.w3.org/2000/svg"[39m
          [36m>[39m
            [36m<path[39m
              [33md[39m=[32m"M3 12a9 9 
0 1 0 9-9 9.75 9.75 0 0 0-6.74 2.74L3 8"[
39m
            [36m/>[39m
            [36m<path[39m
              [33md[39m=[32m"M3 3v5h5"
[39m
            [36m/>[39m
            [36m<path[39m
              [33md[39m=[32m"M12 7v5l4 
2"[39m
            [36m/>[39m
          [36m</svg>[39m
          [0mRecents[0m
        [36m</span>[39m
      [36m</button>[39m
      [36m<button[39m
        [33mclass[39m=[32m"flex-1 flex 
items-center justify-center gap-2 py-2 rou
nded-full text-xs font-bold transition-all
 spotlight-effect relative overflow-hidden
 bg-surface/30 text-muted border border-wh
ite/5 hover:bg-surface/50 hover:text-white
"[39m
      [36m>[39m
        [36m<span[39m
          [33mclass[39m=[32m"relative z
-10 flex items-center justify-center gap-2
"[39m
        [36m>[39m
          [36m<svg[39m
            [33mclass[39m=[32m"lucide l
ucide-shield-alert"[39m
            [33mfill[39m=[32m"none"[39
m
            [33mheight[39m=[32m"14"[39
m
            [33mstroke[39m=[32m"current
Color"[39m
            [33mstroke-linecap[39m=[32m
"round"[39m
            [33mstroke-linejoin[39m=[32
m"round"[39m
            [33mstroke-width[39m=[32m"2
"[39m
            [33mviewBox[39m=[32m"0 0 24
 24"[39m
            [33mwidth[39m=[32m"14"[39m
            [33mxmlns[39m=[32m"http://w
ww.w3.org/2000/svg"[39m
          [36m>[39m
            [36m<path[39m
              [33md[39m=[32m"M20 13c0 5
-3.5 7.5-7.66 8.95a1 1 0 0 1-.67-.01C7.5 2
0.5 4 18 4 13V6a1 1 0 0 1 1-1c2 0 4.5-1.2 
6.24-2.72a1.17 1.17 0 0 1 1.52 0C14.51 3.8
1 17 5 19 5a1 1 0 0 1 1 1z"[39m
            [36m/>[39m
            [36m<path[39m
              [33md[39m=[32m"M12 8v4"[
39m
            [36m/>[39m
            [36m<path[39m
              [33md[39m=[32m"M12 16h.01
"[39m
            [36m/>[39m
          [36m</svg>[39m
          [0mLogs[0m
        [36m</span>[39m
      [36m</button>[39m
    [36m</div>[39m
  [36m</div>[39m
  [36m<div>[39m
    [36m<div[39m
      [33mclass[39m=[32m"px-4 pb-3 flex
 gap-2"[39m
    [36m>[39m
      [36m<button[39m
        [33mclass[39m=[32m"flex-1 flex 
items-center justify-center gap-2 py-2 rou
nded-full text-xs font-bold transition-all
 spotlight-effect relative overflow-hidden
 bg-primary/20 text-primary border border-
primary/30"[39m
      [36m>[39m
        [36m<span[39m
          [33mclass[39m=[32m"relative z
-10 flex items-center justify-center gap-2
"[39m
        [36m>[39m
          [36m<svg[39m
            [33mclass[39m=[32m"lucide l
ucide-megaphone"[39m
            [33mfill[39m=[32m"none"[39
m
            [33mheight[39m=[32m"14"[39
m
            [33mstroke[39m=[32m"current
Color"[39m
            [33mstroke-linecap[39m=[32m
"round"[39m
            [33mstroke-linejoin[39m=[32
m"round"[39m
            [33mstroke-width[39m=[32m"2
"[39m
            [33mviewBox[39m=[32m"0 0 24
 24"[39m
            [33mwidth[39m=[32m"14"[39m
            [33mxmlns[39m=[32m"http://w
ww.w3.org/2000/svg"[39m
          [36m>[39m
            [36m<path[39m
              [33md[39m=[32m"m3 11 18-5
v12L3 14v-3z"[39m
            [36m/>[39m
            [36m<path[39m
              [33md[39m=[32m"M11.6 16.8
a3 3 0 1 1-5.8-1.6"[39m
            [36m/>[39m
          [36m</svg>[39m
          [0mChannels[0m
        [36m</span>[39m
      [36m</button>[39m
      [36m<button[39m
        [33mclass[39m=[32m"flex-1 flex 
items-center justify-center gap-2 py-2 rou
nded-full text-xs font-bold transition-all
 spotlight-effect relative overflow-hidden
 bg-surface/30 text-muted border border-wh
ite/5 hover:bg-surface/50 hover:text-white
"[39m
      [36m>[39m
        [36m<span[39m
          [33mclass[39m=[32m"relative z
-10 flex items-center justify-center gap-2
"[39m
        [36m>[39m
          [36m<svg[39m
            [33mclass[39m=[32m"lucide l
ucide-history"[39m
            [33mfill[39m=[32m"none"[39
m
            [33mheight[39m=[32m"14"[39
m
            [33mstroke[39m=[32m"current
Color"[39m
            [33mstroke-linecap[39m=[32m
"round"[39m
            [33mstroke-linejoin[39m=[32
m"round"[39m
            [33mstroke-width[39m=[32m"2
"[39m
            [33mviewBox[39m=[32m"0 0 24
 24"[39m
            [33mwidth[39m=[32m"14"[39m
            [33mxmlns[39m=[32m"http://w
ww.w3.org/2000/svg"[39m
          [36m>[39m
            [36m<path[39m
              [33md[39m=[32m"M3 12a9 9 
0 1 0 9-9 9.75 9.75 0 0 0-6.74 2.74L3 8"[
39m
            [36m/>[39m
            [36m<path[39m
              [33md[39m=[32m"M3 3v5h5"
[39m
            [36m/>[39m
            [36m<path[39m
              [33md[39m=[32m"M12 7v5l4 
2"[39m
            [36m/>[39m
          [36m</svg>[39m
          [0mRecents[0m
        [36m</span>[39m
      [36m</button>[39m
      [36m<button[39m
        [33mclass[39m=[32m"flex-1 flex 
items-center justify-center gap-2 py-2 rou
nded-full text-xs font-bold transition-all
 spotlight-effect relative overflow-hidden
 bg-surface/30 text-muted border border-wh
ite/5 hover:bg-surface/50 hover:text-white
"[39m
      [36m>[39m
        [36m<span[39m
          [33mclass[39m=[32m"relative z
-10 flex items-center justify-center gap-2
"[39m
        [36m>[39m
          [36m<svg[39m
            [33mclass[39m=[32m"lucide l
ucide-shield-alert"[39m
            [33mfill[39m=[32m"none"[39
m
            [33mheight[39m=[32m"14"[39
m
            [33mstroke[39m=[32m"current
Color"[39m
            [33mstroke-linecap[39m=[32m
"round"[39m
            [33mstroke-linejoin[39m=[32
m"round"[39m
            [33mstroke-width[39m=[32m"2
"[39m
            [33mviewBox[39m=[32m"0 0 24
 24"[39m
            [33mwidth[39m=[32m"14"[39m
            [33mxmlns[39m=[32m"http://w
ww.w3.org/2000/svg"[39m
          [36m>[39m
            [36m<path[39m
              [33md[39m=[32m"M20 13c0 5
-3.5 7.5-7.66 8.95a1 1 0 0 1-.67-.01C7.5 2
0.5 4 18 4 13V6a1 1 0 0 1 1-1c2 0 4.5-1.2 
6.24-2.72a1.17 1.17 0 0 1 1.52 0C14.51 3.8
1 17 5 19 5a1 1 0 0 1 1 1z"[39m
            [36m/>[39m
            [36m<path[39m
              [33md[39m=[32m"M12 8v4"[
39m
            [36m/>[39m
            [36m<path[39m
              [33md[39m=[32m"M12 16h.01
"[39m
            [36m/>[39m
          [36m</svg>[39m
          [0mLogs[0m
        [36m</span>[39m
      [36m</button>[39m
    [36m</div>[39m
  [36m</div>[39m
[36m</body>[39m
[90m [2mÔØ»[22m Object.getElementError 
node_modules/@testing-library/dom/dist/con
fig.js:[2m37:19[22m[39m
[90m [2mÔØ»[22m getElementError node_mo
dules/@testing-library/dom/dist/query-help
ers.js:[2m20:35[22m[39m
[90m [2mÔØ»[22m getMultipleElementsFoun
dError node_modules/@testing-library/dom/d
ist/query-helpers.js:[2m23:10[22m[39m
[90m [2mÔØ»[22m node_modules/@testing-l
ibrary/dom/dist/query-helpers.js:[2m55:13
[22m[39m
[90m [2mÔØ»[22m node_modules/@testing-l
ibrary/dom/dist/query-helpers.js:[2m95:19
[22m[39m
[36m [2mÔØ»[22m src/tests/TabBar.test.t
sx:[2m32:32[22m[39m
    [90m 30|[39m         render(<TabBar 
activeTab="channels" onTabChange={onTabCha
nge} ÔÇĞ
    [90m 31|[39m
    [90m 32|[39m         fireEvent[33m.
[39m[34mclick[39m(screen[33m.[39m[34
mgetByText[39m([32m'Logs'[39m))[33m;[
39m
    [90m   |[39m                        
        [31m^[39m
    [90m 33|[39m
    [90m 34|[39m         [34mexpect[39
m(onTabChange)[33m.[39m[34mtoHaveBeenCa
lledWith[39m([32m'logs'[39m)[33m;[39m

[31m[2mÔÄ»ÔÄ»ÔÄ»ÔÄ»ÔÄ»ÔÄ»ÔÄ»ÔÄ»ÔÄ»ÔÄ»ÔÄ»
ÔÄ»ÔÄ»ÔÄ»ÔÄ»ÔÄ»ÔÄ»ÔÄ»ÔÄ»ÔÄ»ÔÄ»ÔÄ»ÔÄ»ÔÄ»[3/
5]ÔÄ»[22m[39m

[41m[1m FAIL [22m[49m src/tests/TabBar
.test.tsx[2m > [22mTabBar[2m > [22mt├╝
m sekmelere t─▒klanabilmeli
[31m[1mTestingLibraryElementError[22m[
39m: Found multiple elements with the text
: Channels

Here are the matching elements:

Ignored nodes: comments, script, style
[36m<span[39m
  [33mclass[39m=[32m"relative z-10 flex
 items-center justify-center gap-2"[39m
[36m>[39m
  [36m<svg[39m
    [33mclass[39m=[32m"lucide lucide-me
gaphone"[39m
    [33mfill[39m=[32m"none"[39m
    [33mheight[39m=[32m"14"[39m
    [33mstroke[39m=[32m"currentColor"[
39m
    [33mstroke-linecap[39m=[32m"round"
[39m
    [33mstroke-linejoin[39m=[32m"round"
[39m
    [33mstroke-width[39m=[32m"2"[39m
    [33mviewBox[39m=[32m"0 0 24 24"[39
m
    [33mwidth[39m=[32m"14"[39m
    [33mxmlns[39m=[32m"http://www.w3.or
g/2000/svg"[39m
  [36m>[39m
    [36m<path[39m
      [33md[39m=[32m"m3 11 18-5v12L3 14
v-3z"[39m
    [36m/>[39m
    [36m<path[39m
      [33md[39m=[32m"M11.6 16.8a3 3 0 1
 1-5.8-1.6"[39m
    [36m/>[39m
  [36m</svg>[39m
  [0mChannels[0m
[36m</span>[39m

Ignored nodes: comments, script, style
[36m<span[39m
  [33mclass[39m=[32m"relative z-10 flex
 items-center justify-center gap-2"[39m
[36m>[39m
  [36m<svg[39m
    [33mclass[39m=[32m"lucide lucide-me
gaphone"[39m
    [33mfill[39m=[32m"none"[39m
    [33mheight[39m=[32m"14"[39m
    [33mstroke[39m=[32m"currentColor"[
39m
    [33mstroke-linecap[39m=[32m"round"
[39m
    [33mstroke-linejoin[39m=[32m"round"
[39m
    [33mstroke-width[39m=[32m"2"[39m
    [33mviewBox[39m=[32m"0 0 24 24"[39
m
    [33mwidth[39m=[32m"14"[39m
    [33mxmlns[39m=[32m"http://www.w3.or
g/2000/svg"[39m
  [36m>[39m
    [36m<path[39m
      [33md[39m=[32m"m3 11 18-5v12L3 14
v-3z"[39m
    [36m/>[39m
    [36m<path[39m
      [33md[39m=[32m"M11.6 16.8a3 3 0 1
 1-5.8-1.6"[39m
    [36m/>[39m
  [36m</svg>[39m
  [0mChannels[0m
[36m</span>[39m

Ignored nodes: comments, script, style
[36m<span[39m
  [33mclass[39m=[32m"relative z-10 flex
 items-center justify-center gap-2"[39m
[36m>[39m
  [36m<svg[39m
    [33mclass[39m=[32m"lucide lucide-me
gaphone"[39m
    [33mfill[39m=[32m"none"[39m
    [33mheight[39m=[32m"14"[39m
    [33mstroke[39m=[32m"currentColor"[
39m
    [33mstroke-linecap[39m=[32m"round"
[39m
    [33mstroke-linejoin[39m=[32m"round"
[39m
    [33mstroke-width[39m=[32m"2"[39m
    [33mviewBox[39m=[32m"0 0 24 24"[39
m
    [33mwidth[39m=[32m"14"[39m
    [33mxmlns[39m=[32m"http://www.w3.or
g/2000/svg"[39m
  [36m>[39m
    [36m<path[39m
      [33md[39m=[32m"m3 11 18-5v12L3 14
v-3z"[39m
    [36m/>[39m
    [36m<path[39m
      [33md[39m=[32m"M11.6 16.8a3 3 0 1
 1-5.8-1.6"[39m
    [36m/>[39m
  [36m</svg>[39m
  [0mChannels[0m
[36m</span>[39m

Ignored nodes: comments, script, style
[36m<span[39m
  [33mclass[39m=[32m"relative z-10 flex
 items-center justify-center gap-2"[39m
[36m>[39m
  [36m<svg[39m
    [33mclass[39m=[32m"lucide lucide-me
gaphone"[39m
    [33mfill[39m=[32m"none"[39m
    [33mheight[39m=[32m"14"[39m
    [33mstroke[39m=[32m"currentColor"[
39m
    [33mstroke-linecap[39m=[32m"round"
[39m
    [33mstroke-linejoin[39m=[32m"round"
[39m
    [33mstroke-width[39m=[32m"2"[39m
    [33mviewBox[39m=[32m"0 0 24 24"[39
m
    [33mwidth[39m=[32m"14"[39m
    [33mxmlns[39m=[32m"http://www.w3.or
g/2000/svg"[39m
  [36m>[39m
    [36m<path[39m
      [33md[39m=[32m"m3 11 18-5v12L3 14
v-3z"[39m
    [36m/>[39m
    [36m<path[39m
      [33md[39m=[32m"M11.6 16.8a3 3 0 1
 1-5.8-1.6"[39m
    [36m/>[39m
  [36m</svg>[39m
  [0mChannels[0m
[36m</span>[39m

(If this is intentional, then use the `*Al
lBy*` variant of the query (like `queryAll
ByText`, `getAllByText`, or `findAllByText
`)).

Ignored nodes: comments, script, style
[36m<body>[39m
  [36m<div>[39m
    [36m<div[39m
      [33mclass[39m=[32m"px-4 pb-3 flex
 gap-2"[39m
    [36m>[39m
      [36m<button[39m
        [33mclass[39m=[32m"flex-1 flex 
items-center justify-center gap-2 py-2 rou
nded-full text-xs font-bold transition-all
 spotlight-effect relative overflow-hidden
 bg-primary/20 text-primary border border-
primary/30"[39m
      [36m>[39m
        [36m<span[39m
          [33mclass[39m=[32m"relative z
-10 flex items-center justify-center gap-2
"[39m
        [36m>[39m
          [36m<svg[39m
            [33mclass[39m=[32m"lucide l
ucide-megaphone"[39m
            [33mfill[39m=[32m"none"[39
m
            [33mheight[39m=[32m"14"[39
m
            [33mstroke[39m=[32m"current
Color"[39m
            [33mstroke-linecap[39m=[32m
"round"[39m
            [33mstroke-linejoin[39m=[32
m"round"[39m
            [33mstroke-width[39m=[32m"2
"[39m
            [33mviewBox[39m=[32m"0 0 24
 24"[39m
            [33mwidth[39m=[32m"14"[39m
            [33mxmlns[39m=[32m"http://w
ww.w3.org/2000/svg"[39m
          [36m>[39m
            [36m<path[39m
              [33md[39m=[32m"m3 11 18-5
v12L3 14v-3z"[39m
            [36m/>[39m
            [36m<path[39m
              [33md[39m=[32m"M11.6 16.8
a3 3 0 1 1-5.8-1.6"[39m
            [36m/>[39m
          [36m</svg>[39m
          [0mChannels[0m
        [36m</span>[39m
      [36m</button>[39m
      [36m<button[39m
        [33mclass[39m=[32m"flex-1 flex 
items-center justify-center gap-2 py-2 rou
nded-full text-xs font-bold transition-all
 spotlight-effect relative overflow-hidden
 bg-surface/30 text-muted border border-wh
ite/5 hover:bg-surface/50 hover:text-white
"[39m
      [36m>[39m
        [36m<span[39m
          [33mclass[39m=[32m"relative z
-10 flex items-center justify-center gap-2
"[39m
        [36m>[39m
          [36m<svg[39m
            [33mclass[39m=[32m"lucide l
ucide-history"[39m
            [33mfill[39m=[32m"none"[39
m
            [33mheight[39m=[32m"14"[39
m
            [33mstroke[39m=[32m"current
Color"[39m
            [33mstroke-linecap[39m=[32m
"round"[39m
            [33mstroke-linejoin[39m=[32
m"round"[39m
            [33mstroke-width[39m=[32m"2
"[39m
            [33mviewBox[39m=[32m"0 0 24
 24"[39m
            [33mwidth[39m=[32m"14"[39m
            [33mxmlns[39m=[32m"http://w
ww.w3.org/2000/svg"[39m
          [36m>[39m
            [36m<path[39m
              [33md[39m=[32m"M3 12a9 9 
0 1 0 9-9 9.75 9.75 0 0 0-6.74 2.74L3 8"[
39m
            [36m/>[39m
            [36m<path[39m
              [33md[39m=[32m"M3 3v5h5"
[39m
            [36m/>[39m
            [36m<path[39m
              [33md[39m=[32m"M12 7v5l4 
2"[39m
            [36m/>[39m
          [36m</svg>[39m
          [0mRecents[0m
        [36m</span>[39m
      [36m</button>[39m
      [36m<button[39m
        [33mclass[39m=[32m"flex-1 flex 
items-center justify-center gap-2 py-2 rou
nded-full text-xs font-bold transition-all
 spotlight-effect relative overflow-hidden
 bg-surface/30 text-muted border border-wh
ite/5 hover:bg-surface/50 hover:text-white
"[39m
      [36m>[39m
        [36m<span[39m
          [33mclass[39m=[32m"relative z
-10 flex items-center justify-center gap-2
"[39m
        [36m>[39m
          [36m<svg[39m
            [33mclass[39m=[32m"lucide l
ucide-shield-alert"[39m
            [33mfill[39m=[32m"none"[39
m
            [33mheight[39m=[32m"14"[39
m
            [33mstroke[39m=[32m"current
Color"[39m
            [33mstroke-linecap[39m=[32m
"round"[39m
            [33mstroke-linejoin[39m=[32
m"round"[39m
            [33mstroke-width[39m=[32m"2
"[39m
            [33mviewBox[39m=[32m"0 0 24
 24"[39m
            [33mwidth[39m=[32m"14"[39m
            [33mxmlns[39m=[32m"http://w
ww.w3.org/2000/svg"[39m
          [36m>[39m

            [36m<path[39m
              [33md[39m=[32m"M20 13c0 5
-3.5 7.5-7.66 8.95a1 1 0 0 1-.67-.01C7.5 2
0.5 4 18 4 13V6a1 1 0 0 1 1-1c2 0 4.5-1.2 
6.24-2.72a1.17 1.17 0 0 1 1.52 0C14.51 3.8
1 17 5 19 5a1 1 0 0 1 1 1z"[39m
            [36m/>[39m
            [36m<path[39m
              [33md[39m=[32m"M12 8v4"[
39m
            [36m/>[39m
            [36m<path[39m
              [33md[39m=[32m"M12 16h.01
"[39m
            [36m/>[39m
          [36m</svg>[39m
          [0mLogs[0m
        [36m</span>[39m
      [36m</button>[39m
    [36m</div>[39m
  [36m</div>[39m
  [36m<div>[39m
    [36m<div[39m
      [33mclass[39m=[32m"px-4 pb-3 flex
 gap-2"[39m
    [36m>[39m
      [36m<button[39m
        [33mclass[39m=[32m"flex-1 flex 
items-center justify-center gap-2 py-2 rou
nded-full text-xs font-bold transition-all
 spotlight-effect relative overflow-hidden
 bg-surface/30 text-muted border border-wh
ite/5 hover:bg-surface/50 hover:text-white
"[39m
      [36m>[39m
        [36m<span[39m
          [33mclass[39m=[32m"relative z
-10 flex items-center justify-center gap-2
"[39m
        [36m>[39m
          [36m<svg[39m
            [33mclass[39m=[32m"lucide l
ucide-megaphone"[39m
            [33mfill[39m=[32m"none"[39
m
            [33mheight[39m=[32m"14"[39
m
            [33mstroke[39m=[32m"current
Color"[39m
            [33mstroke-linecap[39m=[32m
"round"[39m
            [33mstroke-linejoin[39m=[32
m"round"[39m
            [33mstroke-width[39m=[32m"2
"[39m
            [33mviewBox[39m=[32m"0 0 24
 24"[39m
            [33mwidth[39m=[32m"14"[39m
            [33mxmlns[39m=[32m"http://w
ww.w3.org/2000/svg"[39m
          [36m>[39m
            [36m<path[39m
              [33md[39m=[32m"m3 11 18-5
v12L3 14v-3z"[39m
            [36m/>[39m
            [36m<path[39m
              [33md[39m=[32m"M11.6 16.8
a3 3 0 1 1-5.8-1.6"[39m
            [36m/>[39m
          [36m</svg>[39m
          [0mChannels[0m
        [36m</span>[39m
      [36m</button>[39m
      [36m<button[39m
        [33mclass[39m=[32m"flex-1 flex 
items-center justify-center gap-2 py-2 rou
nded-full text-xs font-bold transition-all
 spotlight-effect relative overflow-hidden
 bg-primary/20 text-primary border border-
primary/30"[39m
      [36m>[39m
        [36m<span[39m
          [33mclass[39m=[32m"relative z
-10 flex items-center justify-center gap-2
"[39m
        [36m>[39m
          [36m<svg[39m
            [33mclass[39m=[32m"lucide l
ucide-history"[39m
            [33mfill[39m=[32m"none"[39
m
            [33mheight[39m=[32m"14"[39
m
            [33mstroke[39m=[32m"current
Color"[39m
            [33mstroke-linecap[39m=[32m
"round"[39m
            [33mstroke-linejoin[39m=[32
m"round"[39m
            [33mstroke-width[39m=[32m"2
"[39m
            [33mviewBox[39m=[32m"0 0 24
 24"[39m
            [33mwidth[39m=[32m"14"[39m
            [33mxmlns[39m=[32m"http://w
ww.w3.org/2000/svg"[39m
          [36m>[39m
            [36m<path[39m
              [33md[3...
[90m [2mÔØ»[22m Object.getElementError 
node_modules/@testing-library/dom/dist/con
fig.js:[2m37:19[22m[39m
[90m [2mÔØ»[22m getElementError node_mo
dules/@testing-library/dom/dist/query-help
ers.js:[2m20:35[22m[39m
[90m [2mÔØ»[22m getMultipleElementsFoun
dError node_modules/@testing-library/dom/d
ist/query-helpers.js:[2m23:10[22m[39m
[90m [2mÔØ»[22m node_modules/@testing-l
ibrary/dom/dist/query-helpers.js:[2m55:13
[22m[39m
[90m [2mÔØ»[22m node_modules/@testing-l
ibrary/dom/dist/query-helpers.js:[2m95:19
[22m[39m
[36m [2mÔØ»[22m src/tests/TabBar.test.t
sx:[2m41:32[22m[39m
    [90m 39|[39m         render(<TabBar 
activeTab="channels" onTabChange={onTabCha
nge} ÔÇĞ
    [90m 40|[39m
    [90m 41|[39m         fireEvent[33m.
[39m[34mclick[39m(screen[33m.[39m[34
mgetByText[39m([32m'Channels'[39m))[33
m;[39m
    [90m   |[39m                        
        [31m^[39m
    [90m 42|[39m         [34mexpect[39
m(onTabChange)[33m.[39m[34mtoHaveBeenCa
lledWith[39m([32m'channels'[39m)[33m;
[39m
    [90m 43|[39m

[31m[2mÔÄ»ÔÄ»ÔÄ»ÔÄ»ÔÄ»ÔÄ»ÔÄ»ÔÄ»ÔÄ»ÔÄ»ÔÄ»
ÔÄ»ÔÄ»ÔÄ»ÔÄ»ÔÄ»ÔÄ»ÔÄ»ÔÄ»ÔÄ»ÔÄ»ÔÄ»ÔÄ»ÔÄ»[4/
5]ÔÄ»[22m[39m

[2m Test Files [22m [1m[31m3 failed[39m[22m[2m | [22m[1m[32m3 passed[39m[22m[90m (6)[39m
[2m      Tests [22m [1m[31m3 failed[39m[22m[2m | [22m[1m[32m14 passed[39m[22m[90m (17)[39m
[2m   Start at [22m 03:25:33
[2m   Duration [22m 1.93s[2m (transform 360ms, setup 740ms, import 791ms, tests 87ms, environment 5.48s)[22m

